<html>
<body>
<pre>
<h1>µVision Build Log</h1>
<h2>Tool Versions:</h2>
IDE-Version: ¦ÌVision V5.30.0.0
Copyright (C) 2020 ARM Ltd and ARM Germany GmbH. All rights reserved.
License Information: 1 1, 1, LIC=----
 
Tool Versions:
Toolchain:       MDK-Lite  Version: 5.30.0.0
Toolchain Path:  C:\Keil_v5\ARM\ARMCC\Bin
C Compiler:      Armcc.exe V5.06 update 6 (build 750)
Assembler:       Armasm.exe V5.06 update 6 (build 750)
Linker/Locator:  ArmLink.exe V5.06 update 6 (build 750)
Library Manager: ArmAr.exe V5.06 update 6 (build 750)
Hex Converter:   FromElf.exe V5.06 update 6 (build 750)
CPU DLL:         SARMCM3.DLL V5.30.0.0
Dialog DLL:      DCM.DLL V1.17.3.0
Target DLL:      UL2CM3.DLL V1.163.3.0
Dialog DLL:      TCM.DLL V1.42.0.0
 
<h2>Project:</h2>
C:\Users\ZSY\Desktop\´úÂë¿â\Write_Chinese\Project\RVMDK£¨uv5£©\BH-F103.uvprojx
Project File Date:  10/17/2021

<h2>Output:</h2>
*** Using Compiler 'V5.06 update 6 (build 750)', folder: 'C:\Keil_v5\ARM\ARMCC\Bin'
Rebuild target 'GB2312ºº×Ö×Ö¿âÐ´Èë'
assembling startup_stm32f10x_hd.s...
compiling core_cm3.c...
compiling misc.c...
compiling system_stm32f10x.c...
compiling stm32f10x_cec.c...
compiling stm32f10x_bkp.c...
compiling stm32f10x_crc.c...
compiling stm32f10x_adc.c...
compiling stm32f10x_can.c...
compiling stm32f10x_dac.c...
compiling stm32f10x_exti.c...
compiling stm32f10x_dbgmcu.c...
compiling stm32f10x_dma.c...
compiling stm32f10x_gpio.c...
compiling stm32f10x_fsmc.c...
compiling stm32f10x_flash.c...
compiling stm32f10x_iwdg.c...
compiling stm32f10x_pwr.c...
compiling stm32f10x_i2c.c...
compiling stm32f10x_spi.c...
compiling stm32f10x_rtc.c...
compiling stm32f10x_rcc.c...
compiling stm32f10x_sdio.c...
compiling stm32f10x_wwdg.c...
compiling main.c...
compiling bsp_systick.c...
compiling stm32f10x_it.c...
compiling bsp_oled.c...
..\..\User\oled\bsp_oled.c(177): warning:  #550-D: variable "zhengshu"  was set but never used
  	uint8_t zhengshu,xiaoshu;
..\..\User\oled\bsp_oled.c: 1 warning, 0 errors
compiling stm32f10x_usart.c...
compiling stm32f10x_tim.c...
compiling bsp_memory.c...
..\..\User\W25Q64\bsp_memory.c(159): warning:  #223-D: function "strcpy" declared implicitly
  	strcpy(chr,str);
..\..\User\W25Q64\bsp_memory.c(163): warning:  #223-D: function "OLED_ShowCHinese" declared implicitly
  	OLED_ShowCHinese(x+(16*i)/2,y,RX_Buffer);
..\..\User\W25Q64\bsp_memory.c: 2 warnings, 0 errors
linking...
Program Size: Code=6250 RO-data=1858 RW-data=624 ZI-data=1056  
FromELF: creating hex file...
"..\..\Output\GB2312×Ö¿âÐ´Èë.axf" - 0 Error(s), 3 Warning(s).

<h2>Software Packages used:</h2>

Package Vendor: Keil
                http://www.keil.com/pack/Keil.STM32F1xx_DFP.1.0.5.pack
                Keil.STM32F1xx_DFP.1.0.5
                STMicroelectronics STM32F1 Series Device Support, Drivers and Examples

<h2>Collection of Component include folders:</h2>
  .\RTE\_GB2312____________
  C:\Users\ZSY\AppData\Local\Arm\Packs\Keil\STM32F1xx_DFP\1.0.5\Device\Include

<h2>Collection of Component Files used:</h2>
Build Time Elapsed:  00:00:03
</pre>
</body>
</html>
